$ bun run gen:schemas && vitepress build docs
$ cargo run -p slab-model-pack --bin generate_manifest_schema && cargo run -p slab-config --bin generate_settings_document_schema
   Compiling simd-adler32 v0.3.10
   Compiling bumpalo v3.20.3
   Compiling zlib-rs v0.6.6
   Compiling log v0.4.33
   Compiling chrono v0.4.45
   Compiling ts-rs v12.0.1
   Compiling utoipa v5.5.0
   Compiling zopfli v0.8.3
   Compiling schemars v1.2.1
   Compiling slab-types v0.1.0 (C:\Users\cyberhan\Desktop\0411\slab\slab.rs\crates\slab-types)
   Compiling flate2 v1.1.9
   Compiling zip v8.6.0
   Compiling slab-model-pack v0.1.0 (C:\Users\cyberhan\Desktop\0411\slab\slab.rs\crates\slab-model-pack)
    Finished `dev` profile [unoptimized + debuginfo] target(s) in 6.83s
     Running `target\debug\generate_manifest_schema.exe`
   Compiling windows-sys v0.61.2
   Compiling aho-corasick v1.1.4
   Compiling crossbeam-utils v0.8.22
   Compiling futures-util v0.3.33
   Compiling serde_core v1.0.229
   Compiling concurrent-queue v2.5.0
   Compiling crossbeam-channel v0.5.16
   Compiling regex-automata v0.4.16
   Compiling futures-executor v0.3.33
   Compiling uuid v1.24.0
   Compiling opentelemetry_sdk v0.32.1
   Compiling utoipa-gen v5.5.0
   Compiling matchers v0.2.0
   Compiling bstr v1.13.0
   Compiling regex v1.13.1
   Compiling assert_cmd v2.2.2
   Compiling mio v1.2.2
   Compiling socket2 v0.6.5
   Compiling anstyle-wincon v3.0.11
   Compiling nu-ansi-term v0.50.3
   Compiling anstyle-query v1.1.5
   Compiling errno v0.3.14
   Compiling dirs-sys v0.5.0
   Compiling tempfile v3.27.0
   Compiling polling v3.11.0
   Compiling serial2 v0.2.37
   Compiling dirs v6.0.0
   Compiling opentelemetry-proto v0.32.0
   Compiling anstream v1.0.0
   Compiling tracing-subscriber v0.3.23
   Compiling rustix v1.1.4
   Compiling uds_windows v1.2.1
   Compiling portable-pty v0.9.0
   Compiling tokio v1.53.0
   Compiling clap_builder v4.6.2
   Compiling async-io v2.6.0
   Compiling tracing-appender v0.2.5
   Compiling tracing-opentelemetry v0.33.0
   Compiling utoipa v5.5.0
   Compiling clap v4.6.2
   Compiling slab-types v0.1.0 (C:\Users\cyberhan\Desktop\0411\slab\slab.rs\crates\slab-types)
   Compiling tower v0.5.3
   Compiling hyper v1.10.1
   Compiling tokio-util v0.7.18
   Compiling slab-utils v0.1.0 (C:\Users\cyberhan\Desktop\0411\slab\slab.rs\crates\slab-utils)
   Compiling tower-http v0.6.11
   Compiling hyper-util v0.1.20
   Compiling reqwest v0.13.4
   Compiling opentelemetry-http v0.32.0
   Compiling opentelemetry-otlp v0.32.0
   Compiling slab-otel v0.1.0 (C:\Users\cyberhan\Desktop\0411\slab\slab.rs\crates\slab-otel)
   Compiling slab-config v0.1.0 (C:\Users\cyberhan\Desktop\0411\slab\slab.rs\crates\slab-config)
    Finished `dev` profile [unoptimized + debuginfo] target(s) in 16.54s
     Running `target\debug\generate_settings_document_schema.exe`

  [32m[1mvitepress[22m 2.0.0-alpha.20[39m  [90m(using vite 8.3.2)[39m

- building client + server bundles...
[33m
The language 'starlark' is not loaded, falling back to 'txt' for syntax highlighting.[39m
[33m
The language 'starlark' is not loaded, falling back to 'txt' for syntax highlighting.[39m
[33m[plugin builtin:vite-reporter] 
(!) Some chunks are larger than 500 kB after minification. Consider:
- Using dynamic import() to code-split the application
- Use build.rolldownOptions.output.codeSplitting to improve chunking: https://rolldown.rs/reference/OutputOptions.codeSplitting
- Adjust chunk size limit for this warning via build.chunkSizeWarningLimit.[39m
[33m
The language 'starlark' is not loaded, falling back to 'txt' for syntax highlighting.[39m
[32m✓[0m building client + server bundles...
- rendering pages...
[32m✓[0m rendering pages...
- generating sitemap...
[32m✓[0m generating sitemap...
build complete in 6.84s.
